// Jest Snapshot v1, https://goo.gl/fbAQLP

exports[`App should render correctly 1`] = `
<ThemeProvider
  theme={
    Object {
      "fonts": Object {
        "pre": "Consolas, Liberation Mono, Menlo, Courier, monospace",
        "primary": "Helvetica Neue, Helvetica, Roboto, sans-serif",
        "quote": "Georgia, serif",
      },
      "palette": Object {
        "alert": Array [
          "#ffa000",
          "#ffc107",
          "#ffd761",
          "#ffecb3",
        ],
        "danger": Array [
          "#d32f2f",
          "#f44336",
          "#f8877f",
          "#ffcdd2",
        ],
        "grayscale": Array [
          "#212121",
          "#414141",
          "#616161",
          "#9e9e9e",
          "#bdbdbd",
          "#e0e0e0",
          "#eeeeee",
          "#ffffff",
        ],
        "primary": Array [
          "#1976d2",
          "#2196f3",
          "#71bcf7",
          "#c2e2fb",
        ],
        "secondary": Array [
          "#c2185b",
          "#e91e63",
          "#f06292",
          "#f8bbd0",
        ],
        "success": Array [
          "#388e3c",
          "#4caf50",
          "#7cc47f",
          "#c8e6c9",
        ],
        "white": Array [
          "#fff",
          "#fff",
          "#eee",
        ],
      },
      "reversePalette": Object {
        "alert": Array [
          "#ffecb3",
          "#ffd761",
          "#ffc107",
          "#ffa000",
        ],
        "danger": Array [
          "#ffcdd2",
          "#f8877f",
          "#f44336",
          "#d32f2f",
        ],
        "grayscale": Array [
          "#ffffff",
          "#eeeeee",
          "#e0e0e0",
          "#bdbdbd",
          "#9e9e9e",
          "#616161",
          "#414141",
          "#212121",
        ],
        "primary": Array [
          "#c2e2fb",
          "#71bcf7",
          "#2196f3",
          "#1976d2",
        ],
        "secondary": Array [
          "#f8bbd0",
          "#f06292",
          "#e91e63",
          "#c2185b",
        ],
        "success": Array [
          "#c8e6c9",
          "#7cc47f",
          "#4caf50",
          "#388e3c",
        ],
        "white": Array [
          "#eee",
          "#fff",
          "#fff",
        ],
      },
      "sizes": Object {
        "maxWidth": "1100px",
      },
    }
  }
>
  <styled.span
    palette="grayscale"
  >
    Hello world
  </styled.span>
</ThemeProvider>
`;
